
> car-care-connect@1.0.0 build
> vite build

[36mvite v5.4.21 [32mbuilding for production...[36m[39m
transforming...
[32mΓ£ô[39m 1060 modules transformed.
rendering chunks...
[plugin:vite:reporter] [plugin vite:reporter] 
(!) C:/Users/user/Downloads/carcareconnect_v2/carcareconnect/node_modules/@capacitor/core/dist/index.js is dynamically imported by C:/Users/user/Downloads/carcareconnect_v2/carcareconnect/src/App.jsx, C:/Users/user/Downloads/carcareconnect_v2/carcareconnect/src/components/auth/AuthPage.jsx but also statically imported by C:/Users/user/Downloads/carcareconnect_v2/carcareconnect/node_modules/@capacitor/app/dist/esm/index.js, C:/Users/user/Downloads/carcareconnect_v2/carcareconnect/node_modules/@capacitor/app/dist/esm/web.js, C:/Users/user/Downloads/carcareconnect_v2/carcareconnect/node_modules/@capacitor/browser/dist/esm/index.js, C:/Users/user/Downloads/carcareconnect_v2/carcareconnect/node_modules/@capacitor/browser/dist/esm/web.js, C:/Users/user/Downloads/carcareconnect_v2/carcareconnect/node_modules/@capacitor/filesystem/dist/esm/index.js, C:/Users/user/Downloads/carcareconnect_v2/carcareconnect/node_modules/@capacitor/filesystem/dist/esm/web.js, C:/Users/user/Downloads/carcareconnect_v2/carcareconnect/node_modules/@capacitor/geolocation/dist/esm/index.js, C:/Users/user/Downloads/carcareconnect_v2/carcareconnect/node_modules/@capacitor/geolocation/dist/esm/web.js, C:/Users/user/Downloads/carcareconnect_v2/carcareconnect/node_modules/@capacitor/share/dist/esm/index.js, C:/Users/user/Downloads/carcareconnect_v2/carcareconnect/node_modules/@capacitor/share/dist/esm/web.js, C:/Users/user/Downloads/carcareconnect_v2/carcareconnect/node_modules/@capacitor/splash-screen/dist/esm/index.js, C:/Users/user/Downloads/carcareconnect_v2/carcareconnect/node_modules/@capacitor/splash-screen/dist/esm/web.js, C:/Users/user/Downloads/carcareconnect_v2/carcareconnect/src/components/auth/AuthPage.jsx, C:/Users/user/Downloads/carcareconnect_v2/carcareconnect/src/lib/geolocation.js, C:/Users/user/Downloads/carcareconnect_v2/carcareconnect/src/lib/openExternal.js, C:/Users/user/Downloads/carcareconnect_v2/carcareconnect/src/lib/pushNotifications.js, dynamic import will not move module into another chunk.

[plugin:vite:reporter] [plugin vite:reporter] 
(!) C:/Users/user/Downloads/carcareconnect_v2/carcareconnect/src/lib/supabase.js is dynamically imported by C:/Users/user/Downloads/carcareconnect_v2/carcareconnect/src/App.jsx, C:/Users/user/Downloads/carcareconnect_v2/carcareconnect/src/App.jsx but also statically imported by C:/Users/user/Downloads/carcareconnect_v2/carcareconnect/src/App.jsx, C:/Users/user/Downloads/carcareconnect_v2/carcareconnect/src/components/admin/Admin2FA.jsx, C:/Users/user/Downloads/carcareconnect_v2/carcareconnect/src/components/admin/Admin2FAVerify.jsx, C:/Users/user/Downloads/carcareconnect_v2/carcareconnect/src/components/admin/AdminAIMonitor.jsx, C:/Users/user/Downloads/carcareconnect_v2/carcareconnect/src/components/admin/AdminBookings.jsx, C:/Users/user/Downloads/carcareconnect_v2/carcareconnect/src/components/admin/AdminCategories.jsx, C:/Users/user/Downloads/carcareconnect_v2/carcareconnect/src/components/admin/AdminClaims.jsx, C:/Users/user/Downloads/carcareconnect_v2/carcareconnect/src/components/admin/AdminCommissions.jsx, C:/Users/user/Downloads/carcareconnect_v2/carcareconnect/src/components/admin/AdminContentHub.jsx, C:/Users/user/Downloads/carcareconnect_v2/carcareconnect/src/components/admin/AdminDashboard.jsx, C:/Users/user/Downloads/carcareconnect_v2/carcareconnect/src/components/admin/AdminDeletionRequests.jsx, C:/Users/user/Downloads/carcareconnect_v2/carcareconnect/src/components/admin/AdminDisputes.jsx, C:/Users/user/Downloads/carcareconnect_v2/carcareconnect/src/components/admin/AdminDriverVetting.jsx, C:/Users/user/Downloads/carcareconnect_v2/carcareconnect/src/components/admin/AdminDrivers.jsx, C:/Users/user/Downloads/carcareconnect_v2/carcareconnect/src/components/admin/AdminEmployees.jsx, C:/Users/user/Downloads/carcareconnect_v2/carcareconnect/src/components/admin/AdminFailedJobs.jsx, C:/Users/user/Downloads/carcareconnect_v2/carcareconnect/src/components/admin/AdminHealth.jsx, C:/Users/user/Downloads/carcareconnect_v2/carcareconnect/src/components/admin/AdminInventory.jsx, C:/Users/user/Downloads/carcareconnect_v2/carcareconnect/src/components/admin/AdminLiveMap.jsx, C:/Users/user/Downloads/carcareconnect_v2/carcareconnect/src/components/admin/AdminLoyalty.jsx, C:/Users/user/Downloads/carcareconnect_v2/carcareconnect/src/components/admin/AdminMarketplace.jsx, C:/Users/user/Downloads/carcareconnect_v2/carcareconnect/src/components/admin/AdminMechanics.jsx, C:/Users/user/Downloads/carcareconnect_v2/carcareconnect/src/components/admin/AdminNewCars.jsx, C:/Users/user/Downloads/carcareconnect_v2/carcareconnect/src/components/admin/AdminNotifications.jsx, C:/Users/user/Downloads/carcareconnect_v2/carcareconnect/src/components/admin/AdminOrders.jsx, C:/Users/user/Downloads/carcareconnect_v2/carcareconnect/src/components/admin/AdminPaymentTracking.jsx, C:/Users/user/Downloads/carcareconnect_v2/carcareconnect/src/components/admin/AdminPayouts.jsx, C:/Users/user/Downloads/carcareconnect_v2/carcareconnect/src/components/admin/AdminPenalties.jsx, C:/Users/user/Downloads/carcareconnect_v2/carcareconnect/src/components/admin/AdminPromos.jsx, C:/Users/user/Downloads/carcareconnect_v2/carcareconnect/src/components/admin/AdminProviders.jsx, C:/Users/user/Downloads/carcareconnect_v2/carcareconnect/src/components/admin/AdminRevenue.jsx, C:/Users/user/Downloads/carcareconnect_v2/carcareconnect/src/components/admin/AdminReviews.jsx, C:/Users/user/Downloads/carcareconnect_v2/carcareconnect/src/components/admin/AdminServices.jsx, C:/Users/user/Downloads/carcareconnect_v2/carcareconnect/src/components/admin/AdminSettings.jsx, C:/Users/user/Downloads/carcareconnect_v2/carcareconnect/src/components/admin/AdminSupport.jsx, C:/Users/user/Downloads/carcareconnect_v2/carcareconnect/src/components/admin/AdminSystemDiagnostics.jsx, C:/Users/user/Downloads/carcareconnect_v2/carcareconnect/src/components/admin/AdminTripReports.jsx, C:/Users/user/Downloads/carcareconnect_v2/carcareconnect/src/components/admin/AdminUserDetail.jsx, C:/Users/user/Downloads/carcareconnect_v2/carcareconnect/src/components/admin/AdminUsers.jsx, C:/Users/user/Downloads/carcareconnect_v2/carcareconnect/src/components/auth/AdminAuthPage.jsx, C:/Users/user/Downloads/carcareconnect_v2/carcareconnect/src/components/auth/AuthPage.jsx, C:/Users/user/Downloads/carcareconnect_v2/carcareconnect/src/components/auth/ResetPassword.jsx, C:/Users/user/Downloads/carcareconnect_v2/carcareconnect/src/components/customer/CustomerBookings.jsx, C:/Users/user/Downloads/carcareconnect_v2/carcareconnect/src/components/customer/CustomerChat.jsx, C:/Users/user/Downloads/carcareconnect_v2/carcareconnect/src/components/customer/CustomerClaims.jsx, C:/Users/user/Downloads/carcareconnect_v2/carcareconnect/src/components/customer/CustomerDashboard.jsx, C:/Users/user/Downloads/carcareconnect_v2/carcareconnect/src/components/customer/CustomerDiscover.jsx, C:/Users/user/Downloads/carcareconnect_v2/carcareconnect/src/components/customer/CustomerFavorites.jsx, C:/Users/user/Downloads/carcareconnect_v2/carcareconnect/src/components/customer/CustomerGoService.jsx, C:/Users/user/Downloads/carcareconnect_v2/carcareconnect/src/components/customer/CustomerLoyalty.jsx, C:/Users/user/Downloads/carcareconnect_v2/carcareconnect/src/components/customer/CustomerNotifications.jsx, C:/Users/user/Downloads/carcareconnect_v2/carcareconnect/src/components/customer/CustomerOnboarding.jsx, C:/Users/user/Downloads/carcareconnect_v2/carcareconnect/src/components/customer/CustomerPartsMarketplace.jsx, C:/Users/user/Downloads/carcareconnect_v2/carcareconnect/src/components/customer/CustomerPayments.jsx, C:/Users/user/Downloads/carcareconnect_v2/carcareconnect/src/components/customer/CustomerProfile.jsx, C:/Users/user/Downloads/carcareconnect_v2/carcareconnect/src/components/customer/CustomerReferral.jsx, C:/Users/user/Downloads/carcareconnect_v2/carcareconnect/src/components/customer/CustomerReviews.jsx, C:/Users/user/Downloads/carcareconnect_v2/carcareconnect/src/components/customer/CustomerServices.jsx, C:/Users/user/Downloads/carcareconnect_v2/carcareconnect/src/components/customer/CustomerSupport.jsx, C:/Users/user/Downloads/carcareconnect_v2/carcareconnect/src/components/customer/CustomerTracking.jsx, C:/Users/user/Downloads/carcareconnect_v2/carcareconnect/src/components/customer/CustomerTripReports.jsx, C:/Users/user/Downloads/carcareconnect_v2/carcareconnect/src/components/customer/CustomerVehicleReports.jsx, C:/Users/user/Downloads/carcareconnect_v2/carcareconnect/src/components/customer/CustomerVehicles.jsx, C:/Users/user/Downloads/carcareconnect_v2/carcareconnect/src/components/customer/MyNewCarListings.jsx, C:/Users/user/Downloads/carcareconnect_v2/carcareconnect/src/components/customer/NewCarMarketplace.jsx, C:/Users/user/Downloads/carcareconnect_v2/carcareconnect/src/components/customer/ProviderStorefront.jsx, C:/Users/user/Downloads/carcareconnect_v2/carcareconnect/src/components/customer/PublicProviderStorefront.jsx, C:/Users/user/Downloads/carcareconnect_v2/carcareconnect/src/components/driver/DriverActiveDelivery.jsx, C:/Users/user/Downloads/carcareconnect_v2/carcareconnect/src/components/driver/DriverApplication.jsx, C:/Users/user/Downloads/carcareconnect_v2/carcareconnect/src/components/driver/DriverAvailableJobs.jsx, C:/Users/user/Downloads/carcareconnect_v2/carcareconnect/src/components/driver/DriverChat.jsx, C:/Users/user/Downloads/carcareconnect_v2/carcareconnect/src/components/driver/DriverClaims.jsx, C:/Users/user/Downloads/carcareconnect_v2/carcareconnect/src/components/driver/DriverDeliveries.jsx, C:/Users/user/Downloads/carcareconnect_v2/carcareconnect/src/components/driver/DriverEarnings.jsx, C:/Users/user/Downloads/carcareconnect_v2/carcareconnect/src/components/driver/DriverNotifications.jsx, C:/Users/user/Downloads/carcareconnect_v2/carcareconnect/src/components/driver/DriverOverview.jsx, C:/Users/user/Downloads/carcareconnect_v2/carcareconnect/src/components/driver/DriverPayouts.jsx, C:/Users/user/Downloads/carcareconnect_v2/carcareconnect/src/components/driver/DriverPerformance.jsx, C:/Users/user/Downloads/carcareconnect_v2/carcareconnect/src/components/driver/DriverProfile.jsx, C:/Users/user/Downloads/carcareconnect_v2/carcareconnect/src/components/driver/DriverReviews.jsx, C:/Users/user/Downloads/carcareconnect_v2/carcareconnect/src/components/driver/DriverVehicle.jsx, C:/Users/user/Downloads/carcareconnect_v2/carcareconnect/src/components/landing/LandingPage.jsx, C:/Users/user/Downloads/carcareconnect_v2/carcareconnect/src/components/marketplace/CreateListing.jsx, C:/Users/user/Downloads/carcareconnect_v2/carcareconnect/src/components/marketplace/EscrowManager.jsx, C:/Users/user/Downloads/carcareconnect_v2/carcareconnect/src/components/marketplace/FeaturedListing.jsx, C:/Users/user/Downloads/carcareconnect_v2/carcareconnect/src/components/marketplace/InspectionRequest.jsx, C:/Users/user/Downloads/carcareconnect_v2/carcareconnect/src/components/marketplace/Marketplace.jsx, C:/Users/user/Downloads/carcareconnect_v2/carcareconnect/src/components/marketplace/MarketplacePayment.jsx, C:/Users/user/Downloads/carcareconnect_v2/carcareconnect/src/components/marketplace/MyListings.jsx, C:/Users/user/Downloads/carcareconnect_v2/carcareconnect/src/components/marketplace/MyOffers.jsx, C:/Users/user/Downloads/carcareconnect_v2/carcareconnect/src/components/marketplace/PhotoUpload.jsx, C:/Users/user/Downloads/carcareconnect_v2/carcareconnect/src/components/marketplace/SellerProfile.jsx, C:/Users/user/Downloads/carcareconnect_v2/carcareconnect/src/components/marketplace/VideoUpload.jsx, C:/Users/user/Downloads/carcareconnect_v2/carcareconnect/src/components/mechanic/MechanicDashboard.jsx, C:/Users/user/Downloads/carcareconnect_v2/carcareconnect/src/components/provider/ProviderAnalytics.jsx, C:/Users/user/Downloads/carcareconnect_v2/carcareconnect/src/components/provider/ProviderAvailability.jsx, C:/Users/user/Downloads/carcareconnect_v2/carcareconnect/src/components/provider/ProviderBookings.jsx, C:/Users/user/Downloads/carcareconnect_v2/carcareconnect/src/components/provider/ProviderBundles.jsx, C:/Users/user/Downloads/carcareconnect_v2/carcareconnect/src/components/provider/ProviderBusinessHours.jsx, C:/Users/user/Downloads/carcareconnect_v2/carcareconnect/src/components/provider/ProviderChat.jsx, C:/Users/user/Downloads/carcareconnect_v2/carcareconnect/src/components/provider/ProviderClaims.jsx, C:/Users/user/Downloads/carcareconnect_v2/carcareconnect/src/components/provider/ProviderDashboard.jsx, C:/Users/user/Downloads/carcareconnect_v2/carcareconnect/src/components/provider/ProviderEarnings.jsx, C:/Users/user/Downloads/carcareconnect_v2/carcareconnect/src/components/provider/ProviderGoRequests.jsx, C:/Users/user/Downloads/carcareconnect_v2/carcareconnect/src/components/provider/ProviderInventory.jsx, C:/Users/user/Downloads/carcareconnect_v2/carcareconnect/src/components/provider/ProviderMechanics.jsx, C:/Users/user/Downloads/carcareconnect_v2/carcareconnect/src/components/provider/ProviderNotifications.jsx, C:/Users/user/Downloads/carcareconnect_v2/carcareconnect/src/components/provider/ProviderOnboarding.jsx, C:/Users/user/Downloads/carcareconnect_v2/carcareconnect/src/components/provider/ProviderOrders.jsx, C:/Users/user/Downloads/carcareconnect_v2/carcareconnect/src/components/provider/ProviderPartsManager.jsx, C:/Users/user/Downloads/carcareconnect_v2/carcareconnect/src/components/provider/ProviderPayouts.jsx, C:/Users/user/Downloads/carcareconnect_v2/carcareconnect/src/components/provider/ProviderProfile.jsx, C:/Users/user/Downloads/carcareconnect_v2/carcareconnect/src/components/provider/ProviderReviews.jsx, C:/Users/user/Downloads/carcareconnect_v2/carcareconnect/src/components/provider/ProviderServices.jsx, C:/Users/user/Downloads/carcareconnect_v2/carcareconnect/src/components/provider/StaffManagement.jsx, C:/Users/user/Downloads/carcareconnect_v2/carcareconnect/src/components/provider/WashPackages.jsx, C:/Users/user/Downloads/carcareconnect_v2/carcareconnect/src/components/provider/WashQueue.jsx, C:/Users/user/Downloads/carcareconnect_v2/carcareconnect/src/components/public/PublicItemPage.jsx, C:/Users/user/Downloads/carcareconnect_v2/carcareconnect/src/components/public/PublicServicePage.jsx, C:/Users/user/Downloads/carcareconnect_v2/carcareconnect/src/components/shared/ChatWindow.jsx, C:/Users/user/Downloads/carcareconnect_v2/carcareconnect/src/components/shared/ClaimChat.jsx, C:/Users/user/Downloads/carcareconnect_v2/carcareconnect/src/components/shared/DarajaPayment.jsx, C:/Users/user/Downloads/carcareconnect_v2/carcareconnect/src/components/shared/EmergencySOS.jsx, C:/Users/user/Downloads/carcareconnect_v2/carcareconnect/src/components/shared/IntaSendPayment.jsx, C:/Users/user/Downloads/carcareconnect_v2/carcareconnect/src/components/shared/Layout.jsx, C:/Users/user/Downloads/carcareconnect_v2/carcareconnect/src/components/shared/PaymentCallback.jsx, C:/Users/user/Downloads/carcareconnect_v2/carcareconnect/src/components/shared/PhotoManager.jsx, C:/Users/user/Downloads/carcareconnect_v2/carcareconnect/src/components/shared/VehicleConditionReport.jsx, C:/Users/user/Downloads/carcareconnect_v2/carcareconnect/src/contexts/AuthContext.jsx, C:/Users/user/Downloads/carcareconnect_v2/carcareconnect/src/contexts/MechanicAuthContext.jsx, C:/Users/user/Downloads/carcareconnect_v2/carcareconnect/src/contexts/ThemeContext.jsx, C:/Users/user/Downloads/carcareconnect_v2/carcareconnect/src/lib/auditLog.js, C:/Users/user/Downloads/carcareconnect_v2/carcareconnect/src/lib/dataExport.js, C:/Users/user/Downloads/carcareconnect_v2/carcareconnect/src/lib/email.js, C:/Users/user/Downloads/carcareconnect_v2/carcareconnect/src/lib/pushNotifications.js, C:/Users/user/Downloads/carcareconnect_v2/carcareconnect/src/lib/pushNotify.js, dynamic import will not move module into another chunk.

[plugin:vite:reporter] [plugin vite:reporter] 
(!) C:/Users/user/Downloads/carcareconnect_v2/carcareconnect/src/lib/geolocation.js is dynamically imported by C:/Users/user/Downloads/carcareconnect_v2/carcareconnect/src/components/customer/CustomerServices.jsx, C:/Users/user/Downloads/carcareconnect_v2/carcareconnect/src/components/customer/CustomerServices.jsx but also statically imported by C:/Users/user/Downloads/carcareconnect_v2/carcareconnect/src/components/customer/CustomerDiscover.jsx, C:/Users/user/Downloads/carcareconnect_v2/carcareconnect/src/components/customer/CustomerGoService.jsx, C:/Users/user/Downloads/carcareconnect_v2/carcareconnect/src/components/customer/CustomerPartsMarketplace.jsx, C:/Users/user/Downloads/carcareconnect_v2/carcareconnect/src/components/customer/CustomerTracking.jsx, C:/Users/user/Downloads/carcareconnect_v2/carcareconnect/src/components/driver/DriverActiveDelivery.jsx, C:/Users/user/Downloads/carcareconnect_v2/carcareconnect/src/components/driver/DriverOverview.jsx, C:/Users/user/Downloads/carcareconnect_v2/carcareconnect/src/components/mechanic/MechanicDashboard.jsx, C:/Users/user/Downloads/carcareconnect_v2/carcareconnect/src/components/provider/ProviderProfile.jsx, C:/Users/user/Downloads/carcareconnect_v2/carcareconnect/src/components/shared/EmergencySOS.jsx, dynamic import will not move module into another chunk.

[plugin:vite:reporter] [plugin vite:reporter] 
(!) C:/Users/user/Downloads/carcareconnect_v2/carcareconnect/src/lib/openExternal.js is dynamically imported by C:/Users/user/Downloads/carcareconnect_v2/carcareconnect/src/components/marketplace/Marketplace.jsx but also statically imported by C:/Users/user/Downloads/carcareconnect_v2/carcareconnect/src/components/customer/CustomerBookings.jsx, C:/Users/user/Downloads/carcareconnect_v2/carcareconnect/src/components/customer/CustomerReferral.jsx, C:/Users/user/Downloads/carcareconnect_v2/carcareconnect/src/components/customer/PublicProviderStorefront.jsx, C:/Users/user/Downloads/carcareconnect_v2/carcareconnect/src/components/driver/DriverAvailableJobs.jsx, C:/Users/user/Downloads/carcareconnect_v2/carcareconnect/src/components/driver/DriverDeliveries.jsx, C:/Users/user/Downloads/carcareconnect_v2/carcareconnect/src/components/mechanic/MechanicDashboard.jsx, C:/Users/user/Downloads/carcareconnect_v2/carcareconnect/src/components/provider/ProviderGoRequests.jsx, C:/Users/user/Downloads/carcareconnect_v2/carcareconnect/src/components/provider/ProviderOrders.jsx, dynamic import will not move module into another chunk.

computing gzip size...
[2mdist/[22m[32mindex.html                          [39m[1m[2m   11.73 kB[22m[1m[22m[2m Γöé gzip:   3.75 kB[22m
[2mdist/[22m[35massets/index-C3tPJB2X.css           [39m[1m[2m    0.70 kB[22m[1m[22m[2m Γöé gzip:   0.42 kB[22m
[2mdist/[22m[36massets/web-BxG0gVw-.js              [39m[1m[2m    0.25 kB[22m[1m[22m[2m Γöé gzip:   0.21 kB[22m[2m Γöé map:     0.56 kB[22m
[2mdist/[22m[36massets/web-dA-UTBaB.js              [39m[1m[2m    0.49 kB[22m[1m[22m[2m Γöé gzip:   0.33 kB[22m[2m Γöé map:     1.21 kB[22m
[2mdist/[22m[36massets/web-YE0F3Zg7.js              [39m[1m[2m    0.51 kB[22m[1m[22m[2m Γöé gzip:   0.34 kB[22m[2m Γöé map:     1.30 kB[22m
[2mdist/[22m[36massets/index-LUBcgD2H.js            [39m[1m[2m    0.54 kB[22m[1m[22m[2m Γöé gzip:   0.33 kB[22m[2m Γöé map:     0.57 kB[22m
[2mdist/[22m[36massets/index-ZV_uputd.js            [39m[1m[2m    0.55 kB[22m[1m[22m[2m Γöé gzip:   0.33 kB[22m[2m Γöé map:     0.58 kB[22m
[2mdist/[22m[36massets/index-BhTdlJAO.js            [39m[1m[2m    0.56 kB[22m[1m[22m[2m Γöé gzip:   0.34 kB[22m[2m Γöé map:     0.59 kB[22m
[2mdist/[22m[36massets/index-CoGtpo1T.js            [39m[1m[2m    0.62 kB[22m[1m[22m[2m Γöé gzip:   0.36 kB[22m[2m Γöé map:     0.71 kB[22m
[2mdist/[22m[36massets/synapse-akrKn89j.js          [39m[1m[2m    0.69 kB[22m[1m[22m[2m Γöé gzip:   0.36 kB[22m[2m Γöé map:     2.28 kB[22m
[2mdist/[22m[36massets/web-Crl0YJyH.js              [39m[1m[2m    0.97 kB[22m[1m[22m[2m Γöé gzip:   0.48 kB[22m[2m Γöé map:     2.18 kB[22m
[2mdist/[22m[36massets/index-CVb0GvDR.js            [39m[1m[2m    1.07 kB[22m[1m[22m[2m Γöé gzip:   0.59 kB[22m[2m Γöé map:     5.45 kB[22m
[2mdist/[22m[36massets/web-CJubQSu6.js              [39m[1m[2m    2.49 kB[22m[1m[22m[2m Γöé gzip:   1.02 kB[22m[2m Γöé map:     7.40 kB[22m
[2mdist/[22m[36massets/web-BW0zOReU.js              [39m[1m[2m    8.93 kB[22m[1m[22m[2m Γöé gzip:   3.09 kB[22m[2m Γöé map:    35.75 kB[22m
[2mdist/[22m[36massets/ui-VlKIP8q1.js               [39m[1m[2m   12.19 kB[22m[1m[22m[2m Γöé gzip:   4.89 kB[22m[2m Γöé map:    28.09 kB[22m
[2mdist/[22m[36massets/purify.es-Jn2rvFN8.js        [39m[1m[2m   28.96 kB[22m[1m[22m[2m Γöé gzip:  10.93 kB[22m[2m Γöé map:   158.93 kB[22m
[2mdist/[22m[36massets/index.es-ChspELxU.js         [39m[1m[2m  150.83 kB[22m[1m[22m[2m Γöé gzip:  51.64 kB[22m[2m Γöé map:   637.73 kB[22m
[2mdist/[22m[36massets/vendor-TTj4DRuz.js           [39m[1m[2m  160.85 kB[22m[1m[22m[2m Γöé gzip:  52.59 kB[22m[2m Γöé map:   701.61 kB[22m
[2mdist/[22m[36massets/html2canvas.esm-CBrSDip1.js  [39m[1m[2m  201.48 kB[22m[1m[22m[2m Γöé gzip:  48.08 kB[22m[2m Γöé map:   602.27 kB[22m
[2mdist/[22m[36massets/supabase-CwrFKnKJ.js         [39m[1m[2m  210.54 kB[22m[1m[22m[2m Γöé gzip:  54.59 kB[22m[2m Γöé map: 1,138.78 kB[22m
[2mdist/[22m[36massets/index-LuOD-Jjr.js            [39m[1m[33m2,510.50 kB[39m[22m[2m Γöé gzip: 623.11 kB[22m[2m Γöé map: 6,994.75 kB[22m

(!) Some chunks are larger than 500 kB after minification. Consider:
- Using dynamic import() to code-split the application
- Use build.rollupOptions.output.manualChunks to improve chunking: https://rollupjs.org/configuration-options/#output-manualchunks
- Adjust chunk size limit for this warning via build.chunkSizeWarningLimit.
[32mΓ£ô built in 5.55s[39m
